// Jest Snapshot v1, https://goo.gl/fbAQLP

exports[`<LoadingButton /> renders correctly 1`] = `
<View
  accessibilityRole="button"
  accessibilityState={
    Object {
      "disabled": false,
    }
  }
  accessible={true}
  collapsable={false}
  focusable={true}
  onClick={[Function]}
  onResponderGrant={[Function]}
  onResponderMove={[Function]}
  onResponderRelease={[Function]}
  onResponderTerminate={[Function]}
  onResponderTerminationRequest={[Function]}
  onStartShouldSetResponder={[Function]}
  style={
    Object {
      "backgroundColor": "#0077C8",
      "borderRadius": 8,
      "opacity": 1,
      "padding": 15,
    }
  }
>
  <View
    style={
      Object {
        "alignItems": "center",
        "flexDirection": "row",
        "justifyContent": "center",
      }
    }
  >
    <Text
      style={
        Object {
          "color": "#fff",
          "fontSize": 18,
          "textAlign": "center",
        }
      }
    >
      Accept
    </Text>
  </View>
</View>
`;
